
> gce-prep@0.1.0 build
> next build

??Next.js 16.1.1 (Turbopack)

  Creating an optimized production build ...
node.exe : 
위치 줄:1 문자:1
+ & "C:\Program Files
\nodejs/node.exe" "C:
\Program Files\nodejs
/node_mo ...
+ ~~~~~~~~~~~~~~~~~~~
~~~~~~~~~~~~~~~~~~~~~
~~~~~~~~~~~~~~~~~~~~~
~~~~~~~~
    + CategoryInfo   
           : NotSpe  
  cified: (:String   
 ) [], RemoteExce    
ption
    + FullyQualified 
   ErrorId : Native  
  CommandError
 
> Build error occurre
d
Error: Turbopack buil
d failed with 2 error
s:
./node_modules/lucide
-react/dist/esm/Icon.
js:10:1
Module not found: Can
't resolve './shared/
src/utils.js'
[0m [90m  8 |[39m 
[36mimport[39m { fo
rwardRef[33m,[39m c
reateElement } [36mf
rom[39m [32m'react'
[39m[33m;[39m
 [90m  9 |[39m [36
mimport[39m defaultA
ttributes [36mfrom[
39m [32m'./defaultAt
tributes.js'[39m[33
m;[39m
[31m[1m>[22m[39m
[90m 10 |[39m [36mi
mport[39m { mergeCla
sses[33m,[39m hasA1
1yProp } [36mfrom[3
9m [32m'./shared/src
/utils.js'[39m[33m;
[39m
 [90m    |[39m [31
m[1m^[22m[39m[31m
[1m^[22m[39m[31m
[1m^[22m[39m[31m[
1m^[22m[39m[31m[1
m^[22m[39m[31m[1m
^[22m[39m[31m[1m^
[22m[39m[31m[1m^
[22m[39m[31m[1m^[
22m[39m[31m[1m^[2
2m[39m[31m[1m^[22
m[39m[31m[1m^[22m
[39m[31m[1m^[22m
[39m[31m[1m^[22m[
39m[31m[1m^[22m[3
9m[31m[1m^[22m[39
m[31m[1m^[22m[39m
[31m[1m^[22m[39m
[31m[1m^[22m[39m[
31m[1m^[22m[39m[3
1m[1m^[22m[39m[31
m[1m^[22m[39m[31m
[1m^[22m[39m[31m
[1m^[22m[39m[31m[
1m^[22m[39m[31m[1
m^[22m[39m[31m[1m
^[22m[39m[31m[1m^
[22m[39m[31m[1m^
[22m[39m[31m[1m^[
22m[39m[31m[1m^[2
2m[39m[31m[1m^[22
m[39m[31m[1m^[22m
[39m[31m[1m^[22m
[39m[31m[1m^[22m[
39m[31m[1m^[22m[3
9m[31m[1m^[22m[39
m[31m[1m^[22m[39m
[31m[1m^[22m[39m
[31m[1m^[22m[39m[
31m[1m^[22m[39m[3
1m[1m^[22m[39m[31
m[1m^[22m[39m[31m
[1m^[22m[39m[31m
[1m^[22m[39m[31m[
1m^[22m[39m[31m[1
m^[22m[39m[31m[1m
^[22m[39m[31m[1m^
[22m[39m[31m[1m^
[22m[39m[31m[1m^[
22m[39m[31m[1m^[2
2m[39m[31m[1m^[22
m[39m[31m[1m^[22m
[39m[31m[1m^[22m
[39m[31m[1m^[22m[
39m[31m[1m^[22m[3
9m[31m[1m^[22m[39
m[31m[1m^[22m[39m
[31m[1m^[22m[39m
[31m[1m^[22m[39m[
31m[1m^[22m[39m[3
1m[1m^[22m[39m[31
m[1m^[22m[39m[31m
[1m^[22m[39m[31m
[1m^[22m[39m
 [90m 11 |[39m
 [90m 12 |[39m [36
mconst[39m [33mIcon
[39m [33m=[39m for
wardRef(
 [90m 13 |[39m   ({
[0m



Import traces:
  Client Component Br
owser:
    ./node_modules/lu
cide-react/dist/esm/I
con.js [Client Compon
ent Browser]
    ./node_modules/lu
cide-react/dist/esm/c
reateLucideIcon.js [C
lient Component Brows
er]
    ./node_modules/lu
cide-react/dist/esm/i
cons/square.js [Clien
t Component Browser]
    ./components/Scen
arioCard.tsx [Client 
Component Browser]
    ./app/lv2/page.ts
x [Client Component B
rowser]
    ./app/lv2/page.ts
x [Server Component]

  Client Component SS
R:
    ./node_modules/lu
cide-react/dist/esm/I
con.js [Client Compon
ent SSR]
    ./node_modules/lu
cide-react/dist/esm/c
reateLucideIcon.js [C
lient Component SSR]
    ./node_modules/lu
cide-react/dist/esm/i
cons/square.js [Clien
t Component SSR]
    ./components/Scen
arioCard.tsx [Client 
Component SSR]
    ./app/lv2/page.ts
x [Client Component S
SR]
    ./app/lv2/page.ts
x [Server Component]

https://nextjs.org/do
cs/messages/module-no
t-found


./node_modules/lucide
-react/dist/esm/creat
eLucideIcon.js:9:1
Module not found: Can
't resolve './shared/
src/utils.js'
[0m [90m  7 |[39m
 [90m  8 |[39m [36
mimport[39m { forwar
dRef[33m,[39m creat
eElement } [36mfrom
[39m [32m'react'[39
m[33m;[39m
[31m[1m>[22m[39m
[90m  9 |[39m [36mi
mport[39m { mergeCla
sses[33m,[39m toKeb
abCase[33m,[39m toP
ascalCase } [36mfrom
[39m [32m'./shared/
src/utils.js'[39m[3
3m;[39m
 [90m    |[39m [31
m[1m^[22m[39m[31m
[1m^[22m[39m[31m
[1m^[22m[39m[31m[
1m^[22m[39m[31m[1
m^[22m[39m[31m[1m
^[22m[39m[31m[1m^
[22m[39m[31m[1m^
[22m[39m[31m[1m^[
22m[39m[31m[1m^[2
2m[39m[31m[1m^[22
m[39m[31m[1m^[22m
[39m[31m[1m^[22m
[39m[31m[1m^[22m[
39m[31m[1m^[22m[3
9m[31m[1m^[22m[39
m[31m[1m^[22m[39m
[31m[1m^[22m[39m
[31m[1m^[22m[39m[
31m[1m^[22m[39m[3
1m[1m^[22m[39m[31
m[1m^[22m[39m[31m
[1m^[22m[39m[31m
[1m^[22m[39m[31m[
1m^[22m[39m[31m[1
m^[22m[39m[31m[1m
^[22m[39m[31m[1m^
[22m[39m[31m[1m^
[22m[39m[31m[1m^[
22m[39m[31m[1m^[2
2m[39m[31m[1m^[22
m[39m[31m[1m^[22m
[39m[31m[1m^[22m
[39m[31m[1m^[22m[
39m[31m[1m^[22m[3
9m[31m[1m^[22m[39
m[31m[1m^[22m[39m
[31m[1m^[22m[39m
[31m[1m^[22m[39m[
31m[1m^[22m[39m[3
1m[1m^[22m[39m[31
m[1m^[22m[39m[31m
[1m^[22m[39m[31m
[1m^[22m[39m[31m[
1m^[22m[39m[31m[1
m^[22m[39m[31m[1m
^[22m[39m[31m[1m^
[22m[39m[31m[1m^
[22m[39m[31m[1m^[
22m[39m[31m[1m^[2
2m[39m[31m[1m^[22
m[39m[31m[1m^[22m
[39m[31m[1m^[22m
[39m[31m[1m^[22m[
39m[31m[1m^[22m[3
9m[31m[1m^[22m[39
m[31m[1m^[22m[39m
[31m[1m^[22m[39m
[31m[1m^[22m[39m[
31m[1m^[22m[39m[3
1m[1m^[22m[39m[31
m[1m^[22m[39m[31m
[1m^[22m[39m[31m
[1m^[22m[39m[31m[
1m^[22m[39m[31m[1
m^[22m[39m[31m[1m
^[22m[39m[31m[1m^
[22m[39m[31m[1m^
[22m[39m[31m[1m^[
22m[39m[31m[1m^[2
2m[39m[31m[1m^[22
m[39m[31m[1m^[22m
[39m[31m[1m^[22m
[39m[31m[1m^[22m[
39m[31m[1m^[22m[3
9m[31m[1m^[22m[39
m[31m[1m^[22m[39m
 [90m 10 |[39m [36
mimport[39m [33mIco
n[39m [36mfrom[39m
 [32m'./Icon.js'[39
m[33m;[39m
 [90m 11 |[39m
 [90m 12 |[39m [36
mconst[39m createLuc
ideIcon [33m=[39m (
iconName[33m,[39m i
conNode) [33m=>[39m
 {[0m



Import traces:
  Client Component Br
owser:
    ./node_modules/lu
cide-react/dist/esm/c
reateLucideIcon.js [C
lient Component Brows
er]
    ./node_modules/lu
cide-react/dist/esm/i
cons/square.js [Clien
t Component Browser]
    ./components/Scen
arioCard.tsx [Client 
Component Browser]
    ./app/lv2/page.ts
x [Client Component B
rowser]
    ./app/lv2/page.ts
x [Server Component]

  Client Component SS
R:
    ./node_modules/lu
cide-react/dist/esm/c
reateLucideIcon.js [C
lient Component SSR]
    ./node_modules/lu
cide-react/dist/esm/i
cons/square.js [Clien
t Component SSR]
    ./components/Scen
arioCard.tsx [Client 
Component SSR]
    ./app/lv2/page.ts
x [Client Component S
SR]
    ./app/lv2/page.ts
x [Server Component]

https://nextjs.org/do
cs/messages/module-no
t-found


    at <unknown> (htt
ps://nextjs.org/docs/
messages/module-not-f
ound)
    at <unknown> (htt
ps://nextjs.org/docs/
messages/module-not-f
ound)
